#-----------------------------------------------------------
# Vivado v2022.2 (64-bit)
# SW Build 3671981 on Fri Oct 14 04:59:54 MDT 2022
# IP Build 3669848 on Fri Oct 14 08:30:02 MDT 2022
# Start of session at: Sat Aug  9 22:51:12 2025
# Process ID: 381742
# Current directory: /home/soulbird/hls_prac/qc/vivado/qubit_operations/qubit_operations.runs/top_processing_system7_0_0_synth_1
# Command line: vivado -log top_processing_system7_0_0.vds -product Vivado -mode batch -messageDb vivado.pb -notrace -source top_processing_system7_0_0.tcl
# Log file: /home/soulbird/hls_prac/qc/vivado/qubit_operations/qubit_operations.runs/top_processing_system7_0_0_synth_1/top_processing_system7_0_0.vds
# Journal file: /home/soulbird/hls_prac/qc/vivado/qubit_operations/qubit_operations.runs/top_processing_system7_0_0_synth_1/vivado.jou
# Running On: soulbird-Yoga-C940, OS: Linux, CPU Frequency: 1493.801 MHz, CPU Physical cores: 4, Host memory: 16545 MB
#-----------------------------------------------------------
source top_processing_system7_0_0.tcl -notrace
